#! /c/Source/iverilog-install/bin/vvp
:ivl_version "12.0 (devel)" "(s20150603-1539-g2693dd32b)";
:ivl_delay_selection "TYPICAL";
:vpi_time_precision + 0;
:vpi_module "C:\iverilog\lib\ivl\system.vpi";
:vpi_module "C:\iverilog\lib\ivl\vhdl_sys.vpi";
:vpi_module "C:\iverilog\lib\ivl\vhdl_textio.vpi";
:vpi_module "C:\iverilog\lib\ivl\v2005_math.vpi";
:vpi_module "C:\iverilog\lib\ivl\va_math.vpi";
S_000001e9508e6980 .scope module, "conv_mac_3x3" "conv_mac_3x3" 2 12;
 .timescale 0 0;
    .port_info 0 /INPUT 1 "clk";
    .port_info 1 /INPUT 1 "rst_n";
    .port_info 2 /INPUT 32 "p00";
    .port_info 3 /INPUT 32 "p01";
    .port_info 4 /INPUT 32 "p02";
    .port_info 5 /INPUT 32 "p10";
    .port_info 6 /INPUT 32 "p11";
    .port_info 7 /INPUT 32 "p12";
    .port_info 8 /INPUT 32 "p20";
    .port_info 9 /INPUT 32 "p21";
    .port_info 10 /INPUT 32 "p22";
    .port_info 11 /INPUT 32 "w00";
    .port_info 12 /INPUT 32 "w01";
    .port_info 13 /INPUT 32 "w02";
    .port_info 14 /INPUT 32 "w10";
    .port_info 15 /INPUT 32 "w11";
    .port_info 16 /INPUT 32 "w12";
    .port_info 17 /INPUT 32 "w20";
    .port_info 18 /INPUT 32 "w21";
    .port_info 19 /INPUT 32 "w22";
    .port_info 20 /INPUT 32 "bias";
    .port_info 21 /OUTPUT 32 "conv_out";
P_000001e9508e71d0 .param/l "DATA_WIDTH" 0 2 13, +C4<00000000000000000000000000100000>;
P_000001e9508e7208 .param/l "FRAC_WIDTH" 0 2 14, +C4<00000000000000000000000000011000>;
v000001e9508e6e40_0 .net/s *"_ivl_0", 63 0, L_000001e950a8f4e0;  1 drivers
v000001e9508e6fb0_0 .net/s *"_ivl_12", 63 0, L_000001e950a90160;  1 drivers
v000001e950a34d10_0 .net/s *"_ivl_14", 63 0, L_000001e950a8fda0;  1 drivers
v000001e9508e6c80_0 .net/s *"_ivl_18", 63 0, L_000001e950a8ecc0;  1 drivers
v000001e950a8d8d0_0 .net/s *"_ivl_2", 63 0, L_000001e950a8f8a0;  1 drivers
v000001e950a8d970_0 .net/s *"_ivl_20", 63 0, L_000001e950a907a0;  1 drivers
v000001e950a8dba0_0 .net/s *"_ivl_24", 63 0, L_000001e950a8f1c0;  1 drivers
v000001e950a8e5a0_0 .net/s *"_ivl_26", 63 0, L_000001e950a8f3a0;  1 drivers
v000001e950a8da60_0 .net/s *"_ivl_30", 63 0, L_000001e950a8f9e0;  1 drivers
v000001e950a8dd80_0 .net/s *"_ivl_32", 63 0, L_000001e950a8fa80;  1 drivers
v000001e950a8e000_0 .net/s *"_ivl_36", 63 0, L_000001e950a8fe40;  1 drivers
v000001e950a8e780_0 .net/s *"_ivl_38", 63 0, L_000001e950a8ff80;  1 drivers
v000001e950a8e1e0_0 .net/s *"_ivl_42", 63 0, L_000001e950a90840;  1 drivers
v000001e950a8e820_0 .net/s *"_ivl_44", 63 0, L_000001e950a8ed60;  1 drivers
v000001e950a8e0a0_0 .net/s *"_ivl_48", 63 0, L_000001e950a902a0;  1 drivers
v000001e950a8e960_0 .net/s *"_ivl_50", 63 0, L_000001e950a90980;  1 drivers
v000001e950a8dec0_0 .net/s *"_ivl_6", 63 0, L_000001e950a8fd00;  1 drivers
v000001e950a8db00_0 .net/s *"_ivl_8", 63 0, L_000001e950a8fee0;  1 drivers
o000001e950a3e338 .functor BUFZ 32, C4<zzzzzzzzzzzzzzzzzzzzzzzzzzzzzzzz>; HiZ drive
v000001e950a8e6e0_0 .net "bias", 31 0, o000001e950a3e338;  0 drivers
o000001e950a3e368 .functor BUFZ 1, C4<z>; HiZ drive
v000001e950a8e8c0_0 .net "clk", 0 0, o000001e950a3e368;  0 drivers
v000001e950a8e640_0 .var "conv_out", 31 0;
v000001e950a8e140_0 .net/s "mult00", 63 0, L_000001e950a8f940;  1 drivers
v000001e950a8e500_0 .net/s "mult01", 63 0, L_000001e950a8eb80;  1 drivers
v000001e950a8de20_0 .net/s "mult02", 63 0, L_000001e950a908e0;  1 drivers
v000001e950a8dc40_0 .net/s "mult10", 63 0, L_000001e950a8f300;  1 drivers
v000001e950a8dce0_0 .net/s "mult11", 63 0, L_000001e950a8ec20;  1 drivers
v000001e950a8e280_0 .net/s "mult12", 63 0, L_000001e950a8fbc0;  1 drivers
v000001e950a8df60_0 .net/s "mult20", 63 0, L_000001e950a900c0;  1 drivers
v000001e950a8e320_0 .net/s "mult21", 63 0, L_000001e950a90020;  1 drivers
v000001e950a8e3c0_0 .net/s "mult22", 63 0, L_000001e950a903e0;  1 drivers
o000001e950a3e578 .functor BUFZ 32, C4<zzzzzzzzzzzzzzzzzzzzzzzzzzzzzzzz>; HiZ drive
v000001e950a8e460_0 .net "p00", 31 0, o000001e950a3e578;  0 drivers
o000001e950a3e5a8 .functor BUFZ 32, C4<zzzzzzzzzzzzzzzzzzzzzzzzzzzzzzzz>; HiZ drive
v000001e950a8ef40_0 .net "p01", 31 0, o000001e950a3e5a8;  0 drivers
o000001e950a3e5d8 .functor BUFZ 32, C4<zzzzzzzzzzzzzzzzzzzzzzzzzzzzzzzz>; HiZ drive
v000001e950a8f120_0 .net "p02", 31 0, o000001e950a3e5d8;  0 drivers
o000001e950a3e608 .functor BUFZ 32, C4<zzzzzzzzzzzzzzzzzzzzzzzzzzzzzzzz>; HiZ drive
v000001e950a8f620_0 .net "p10", 31 0, o000001e950a3e608;  0 drivers
o000001e950a3e638 .functor BUFZ 32, C4<zzzzzzzzzzzzzzzzzzzzzzzzzzzzzzzz>; HiZ drive
v000001e950a8f440_0 .net "p11", 31 0, o000001e950a3e638;  0 drivers
o000001e950a3e668 .functor BUFZ 32, C4<zzzzzzzzzzzzzzzzzzzzzzzzzzzzzzzz>; HiZ drive
v000001e950a90200_0 .net "p12", 31 0, o000001e950a3e668;  0 drivers
o000001e950a3e698 .functor BUFZ 32, C4<zzzzzzzzzzzzzzzzzzzzzzzzzzzzzzzz>; HiZ drive
v000001e950a90520_0 .net "p20", 31 0, o000001e950a3e698;  0 drivers
o000001e950a3e6c8 .functor BUFZ 32, C4<zzzzzzzzzzzzzzzzzzzzzzzzzzzzzzzz>; HiZ drive
v000001e950a8fc60_0 .net "p21", 31 0, o000001e950a3e6c8;  0 drivers
o000001e950a3e6f8 .functor BUFZ 32, C4<zzzzzzzzzzzzzzzzzzzzzzzzzzzzzzzz>; HiZ drive
v000001e950a905c0_0 .net "p22", 31 0, o000001e950a3e6f8;  0 drivers
o000001e950a3e728 .functor BUFZ 1, C4<z>; HiZ drive
v000001e950a8fb20_0 .net "rst_n", 0 0, o000001e950a3e728;  0 drivers
v000001e950a8f6c0_0 .var/s "sum", 63 0;
o000001e950a3e788 .functor BUFZ 32, C4<zzzzzzzzzzzzzzzzzzzzzzzzzzzzzzzz>; HiZ drive
v000001e950a8f760_0 .net "w00", 31 0, o000001e950a3e788;  0 drivers
o000001e950a3e7b8 .functor BUFZ 32, C4<zzzzzzzzzzzzzzzzzzzzzzzzzzzzzzzz>; HiZ drive
v000001e950a8f580_0 .net "w01", 31 0, o000001e950a3e7b8;  0 drivers
o000001e950a3e7e8 .functor BUFZ 32, C4<zzzzzzzzzzzzzzzzzzzzzzzzzzzzzzzz>; HiZ drive
v000001e950a8f260_0 .net "w02", 31 0, o000001e950a3e7e8;  0 drivers
o000001e950a3e818 .functor BUFZ 32, C4<zzzzzzzzzzzzzzzzzzzzzzzzzzzzzzzz>; HiZ drive
v000001e950a90660_0 .net "w10", 31 0, o000001e950a3e818;  0 drivers
o000001e950a3e848 .functor BUFZ 32, C4<zzzzzzzzzzzzzzzzzzzzzzzzzzzzzzzz>; HiZ drive
v000001e950a8f800_0 .net "w11", 31 0, o000001e950a3e848;  0 drivers
o000001e950a3e878 .functor BUFZ 32, C4<zzzzzzzzzzzzzzzzzzzzzzzzzzzzzzzz>; HiZ drive
v000001e950a90340_0 .net "w12", 31 0, o000001e950a3e878;  0 drivers
o000001e950a3e8a8 .functor BUFZ 32, C4<zzzzzzzzzzzzzzzzzzzzzzzzzzzzzzzz>; HiZ drive
v000001e950a90700_0 .net "w20", 31 0, o000001e950a3e8a8;  0 drivers
o000001e950a3e8d8 .functor BUFZ 32, C4<zzzzzzzzzzzzzzzzzzzzzzzzzzzzzzzz>; HiZ drive
v000001e950a90480_0 .net "w21", 31 0, o000001e950a3e8d8;  0 drivers
o000001e950a3e908 .functor BUFZ 32, C4<zzzzzzzzzzzzzzzzzzzzzzzzzzzzzzzz>; HiZ drive
v000001e950a8ee00_0 .net "w22", 31 0, o000001e950a3e908;  0 drivers
E_000001e950a2f8d0/0 .event negedge, v000001e950a8fb20_0;
E_000001e950a2f8d0/1 .event posedge, v000001e950a8e8c0_0;
E_000001e950a2f8d0 .event/or E_000001e950a2f8d0/0, E_000001e950a2f8d0/1;
L_000001e950a8f4e0 .extend/s 64, o000001e950a3e578;
L_000001e950a8f8a0 .extend/s 64, o000001e950a3e788;
L_000001e950a8f940 .arith/mult 64, L_000001e950a8f4e0, L_000001e950a8f8a0;
L_000001e950a8fd00 .extend/s 64, o000001e950a3e5a8;
L_000001e950a8fee0 .extend/s 64, o000001e950a3e7b8;
L_000001e950a8eb80 .arith/mult 64, L_000001e950a8fd00, L_000001e950a8fee0;
L_000001e950a90160 .extend/s 64, o000001e950a3e5d8;
L_000001e950a8fda0 .extend/s 64, o000001e950a3e7e8;
L_000001e950a908e0 .arith/mult 64, L_000001e950a90160, L_000001e950a8fda0;
L_000001e950a8ecc0 .extend/s 64, o000001e950a3e608;
L_000001e950a907a0 .extend/s 64, o000001e950a3e818;
L_000001e950a8f300 .arith/mult 64, L_000001e950a8ecc0, L_000001e950a907a0;
L_000001e950a8f1c0 .extend/s 64, o000001e950a3e638;
L_000001e950a8f3a0 .extend/s 64, o000001e950a3e848;
L_000001e950a8ec20 .arith/mult 64, L_000001e950a8f1c0, L_000001e950a8f3a0;
L_000001e950a8f9e0 .extend/s 64, o000001e950a3e668;
L_000001e950a8fa80 .extend/s 64, o000001e950a3e878;
L_000001e950a8fbc0 .arith/mult 64, L_000001e950a8f9e0, L_000001e950a8fa80;
L_000001e950a8fe40 .extend/s 64, o000001e950a3e698;
L_000001e950a8ff80 .extend/s 64, o000001e950a3e8a8;
L_000001e950a900c0 .arith/mult 64, L_000001e950a8fe40, L_000001e950a8ff80;
L_000001e950a90840 .extend/s 64, o000001e950a3e6c8;
L_000001e950a8ed60 .extend/s 64, o000001e950a3e8d8;
L_000001e950a90020 .arith/mult 64, L_000001e950a90840, L_000001e950a8ed60;
L_000001e950a902a0 .extend/s 64, o000001e950a3e6f8;
L_000001e950a90980 .extend/s 64, o000001e950a3e908;
L_000001e950a903e0 .arith/mult 64, L_000001e950a902a0, L_000001e950a90980;
    .scope S_000001e9508e6980;
T_0 ;
    %wait E_000001e950a2f8d0;
    %load/vec4 v000001e950a8fb20_0;
    %nor/r;
    %flag_set/vec4 8;
    %jmp/0xz  T_0.0, 8;
    %pushi/vec4 0, 0, 64;
    %assign/vec4 v000001e950a8f6c0_0, 0;
    %pushi/vec4 0, 0, 32;
    %assign/vec4 v000001e950a8e640_0, 0;
    %jmp T_0.1;
T_0.0 ;
    %load/vec4 v000001e950a8e140_0;
    %load/vec4 v000001e950a8e500_0;
    %add;
    %load/vec4 v000001e950a8de20_0;
    %add;
    %load/vec4 v000001e950a8dc40_0;
    %add;
    %load/vec4 v000001e950a8dce0_0;
    %add;
    %load/vec4 v000001e950a8e280_0;
    %add;
    %load/vec4 v000001e950a8df60_0;
    %add;
    %load/vec4 v000001e950a8e320_0;
    %add;
    %load/vec4 v000001e950a8e3c0_0;
    %add;
    %ix/load 4, 24, 0;
    %flag_set/imm 4, 0;
    %shiftr/s 4;
    %assign/vec4 v000001e950a8f6c0_0, 0;
    %load/vec4 v000001e950a8f6c0_0;
    %parti/s 32, 0, 2;
    %load/vec4 v000001e950a8e6e0_0;
    %add;
    %assign/vec4 v000001e950a8e640_0, 0;
T_0.1 ;
    %jmp T_0;
    .thread T_0;
# The file index is used to find the file name in the following table.
:file_names 3;
    "N/A";
    "<interactive>";
    "c:\Users\ASUS\Documents\Akademik\SEM5\VLSI\lsi-fast-srgan\rtl\conv_mac_3x3.v";
